I'm sorry, but errors were detected in your script. Please correct the
errors listed below, and try again.


File "game/script.rpy", line 25: Line is indented, but the preceding default statement statement does not expect a block. Please check this line's indentation.
    "Backgrounds/3-[Kamar2].png"
    ^

Ren'Py Version: Ren'Py 7.4.8.1895
Fri Nov  5 09:40:26 2021
